{
  "$type":"Person.lvclass",
  "First Name":"Sam",
  "Last Name":"Taggart",
  "Title":"The Amazing"
}