{"Greeting":"Hallo","Name":"Alice"} => {"Output":"Hallo Alice"}
{"Greeting":"Hallo","Name":"Bobby"} => {"Output":"Hallo Bobby"}
{"Greeting":"Hallo","Name":"Charlie"} => {"Output":"Hallo Charlie"}
{"Greeting":"Hello","Name":"Alice"} => {"Output":"Hello Alice"}
{"Greeting":"Hello","Name":"Bobby"} => {"Output":"Hello Bobby"}
{"Greeting":"Hello","Name":"Charlie"} => {"Output":"Hello Charlie"}
{"Greeting":"Hola","Name":"Alice"} => {"Output":"Hola Alice"}
{"Greeting":"Hola","Name":"Bobby"} => {"Output":"Hola Bobby"}
{"Greeting":"Hola","Name":"Charlie"} => {"Output":"Hola Charlie"}