[
  {
    "Input":{"A":false,"B":false},
    "Results":{"A and B":false}
  },
  {
    "Input":{"A":false,"B":true},
    "Results":{"A and B":false}
  },
  {
    "Input":{"A":true,"B":false},
    "Results":{"A and B":false}
  },
  {
    "Input":{"A":true,"B":true},
    "Results":{"A and B":true}
  }
]
