{
  "trimmed string":"\"Hello World\"",
  "trimmed string":"",
  "return code":0
}