{"Boolean":false,"Numeric":0,"String":"a"} => {"String":"FALSE 0 a","revString":"a 0 ESLAF"}
{"Boolean":false,"Numeric":0,"String":"b"} => {"String":"FALSE 0 b","revString":"b 0 ESLAF"}
{"Boolean":false,"Numeric":0,"String":"c"} => {"String":"FALSE 0 c","revString":"c 0 ESLAF"}
{"Boolean":false,"Numeric":0,"String":"d"} => {"String":"FALSE 0 d","revString":"d 0 ESLAF"}
{"Boolean":false,"Numeric":1,"String":"a"} => {"String":"FALSE 1 a","revString":"a 1 ESLAF"}
{"Boolean":false,"Numeric":1,"String":"b"} => {"String":"FALSE 1 b","revString":"b 1 ESLAF"}
{"Boolean":false,"Numeric":1,"String":"c"} => {"String":"FALSE 1 c","revString":"c 1 ESLAF"}
{"Boolean":false,"Numeric":1,"String":"d"} => {"String":"FALSE 1 d","revString":"d 1 ESLAF"}
{"Boolean":false,"Numeric":2,"String":"a"} => {"String":"FALSE 2 a","revString":"a 2 ESLAF"}
{"Boolean":false,"Numeric":2,"String":"b"} => {"String":"FALSE 2 b","revString":"b 2 ESLAF"}
{"Boolean":false,"Numeric":2,"String":"c"} => {"String":"FALSE 2 c","revString":"c 2 ESLAF"}
{"Boolean":false,"Numeric":2,"String":"d"} => {"String":"FALSE 2 d","revString":"d 2 ESLAF"}
{"Boolean":true,"Numeric":0,"String":"a"} => {"String":"TRUE 0 a","revString":"a 0 EURT"}
{"Boolean":true,"Numeric":0,"String":"b"} => {"String":"TRUE 0 b","revString":"b 0 EURT"}
{"Boolean":true,"Numeric":0,"String":"c"} => {"String":"TRUE 0 c","revString":"c 0 EURT"}
{"Boolean":true,"Numeric":0,"String":"d"} => {"String":"TRUE 0 d","revString":"d 0 EURT"}
{"Boolean":true,"Numeric":1,"String":"a"} => {"String":"TRUE 1 a","revString":"a 1 EURT"}
{"Boolean":true,"Numeric":1,"String":"b"} => {"String":"TRUE 1 b","revString":"b 1 EURT"}
{"Boolean":true,"Numeric":1,"String":"c"} => {"String":"TRUE 1 c","revString":"c 1 EURT"}
{"Boolean":true,"Numeric":1,"String":"d"} => {"String":"TRUE 1 d","revString":"d 1 EURT"}
{"Boolean":true,"Numeric":2,"String":"a"} => {"String":"TRUE 2 a","revString":"a 2 EURT"}
{"Boolean":true,"Numeric":2,"String":"b"} => {"String":"TRUE 2 b","revString":"b 2 EURT"}
{"Boolean":true,"Numeric":2,"String":"c"} => {"String":"TRUE 2 c","revString":"c 2 EURT"}
{"Boolean":true,"Numeric":2,"String":"d"} => {"String":"TRUE 2 d","revString":"d 2 EURT"}