{
  "standard output":"\"Hello World\"",
  "standard error":"",
  "return code":0
}